file:///C:/software_web/projects/FRONTEND/portfolio_v2/node_modules/rolldown/dist/shared/binding-BY0qR5iS.mjs:603
			const error = /* @__PURE__ */ new Error("Cannot find native binding. npm has a bug related to optional dependencies (https://github.com/npm/cli/issues/4828). Please try `npm i` again after removing both package-lock.json and node_modules directory.");
			                              ^

Error: Cannot find native binding. npm has a bug related to optional dependencies (https://github.com/npm/cli/issues/4828). Please try `npm i` again after removing both package-lock.json and node_modules directory.
    at file:///C:/software_web/projects/FRONTEND/portfolio_v2/node_modules/rolldown/dist/shared/binding-BY0qR5iS.mjs:603:34
    at file:///C:/software_web/projects/FRONTEND/portfolio_v2/node_modules/rolldown/dist/shared/binding-BY0qR5iS.mjs:9:49
    ... 2 lines matching cause stack trace ...
    at async onImport.tracePromise.__proto__ (node:internal/modules/esm/loader:661:26) {
  cause: Error: Cannot find module '@rolldown/binding-wasm32-wasi'
  Require stack:
  - C:\software_web\projects\FRONTEND\portfolio_v2\node_modules\rolldown\dist\shared\binding-BY0qR5iS.mjs
      at file:///C:/software_web/projects/FRONTEND/portfolio_v2/node_modules/rolldown/dist/shared/binding-BY0qR5iS.mjs:497:18
      ... 6 lines matching cause stack trace ...
      at async onImport.tracePromise.__proto__ (node:internal/modules/esm/loader:661:26) {
    cause: Error: Cannot find module './rolldown-binding.wasi.cjs'
    Require stack:
    - C:\software_web\projects\FRONTEND\portfolio_v2\node_modules\rolldown\dist\shared\binding-BY0qR5iS.mjs
        at file:///C:/software_web/projects/FRONTEND/portfolio_v2/node_modules/rolldown/dist/shared/binding-BY0qR5iS.mjs:497:18
        ... 6 lines matching cause stack trace ...
        at async onImport.tracePromise.__proto__ (node:internal/modules/esm/loader:661:26) {
      cause: Error: \\?\C:\software_web\projects\FRONTEND\portfolio_v2\node_modules\rolldown\node_modules\@rolldown\binding-win32-x64-msvc\rolldown-binding.win32-x64-msvc.node is not a valid Win32 application.
      \\?\C:\software_web\projects\FRONTEND\portfolio_v2\node_modules\rolldown\node_modules\@rolldown\binding-win32-x64-msvc\rolldown-binding.win32-x64-msvc.node
          at file:///C:/software_web/projects/FRONTEND/portfolio_v2/node_modules/rolldown/dist/shared/binding-BY0qR5iS.mjs:497:18
          ... 6 lines matching cause stack trace ...
          at async onImport.tracePromise.__proto__ (node:internal/modules/esm/loader:661:26) {
        cause: Error: Cannot find module './rolldown-binding.win32-x64-msvc.node'
        Require stack:
        - C:\software_web\projects\FRONTEND\portfolio_v2\node_modules\rolldown\dist\shared\binding-BY0qR5iS.mjs
            at file:///C:/software_web/projects/FRONTEND/portfolio_v2/node_modules/rolldown/dist/shared/binding-BY0qR5iS.mjs:497:18
            at Array.reduce (<anonymous>)
            at createLoadErrorChain (file:///C:/software_web/projects/FRONTEND/portfolio_v2/node_modules/rolldown/dist/shared/binding-BY0qR5iS.mjs:490:17)
            at file:///C:/software_web/projects/FRONTEND/portfolio_v2/node_modules/rolldown/dist/shared/binding-BY0qR5iS.mjs:604:18
            at file:///C:/software_web/projects/FRONTEND/portfolio_v2/node_modules/rolldown/dist/shared/binding-BY0qR5iS.mjs:9:49
            at file:///C:/software_web/projects/FRONTEND/portfolio_v2/node_modules/rolldown/dist/shared/parse-WKtEKiA6.mjs:3:46
            at ModuleJob.run (node:internal/modules/esm/module_job:430:25)
            at async onImport.tracePromise.__proto__ (node:internal/modules/esm/loader:661:26) {
          cause: null
        }
      }
    }
  }
}

Node.js v24.13.1
